<?xml version="1.0" encoding="ISO-8859-1" ?>
<link_info>
   <banner>TI ARM Clang Linker PC v3.2.2.LTS</banner>
   <copyright>Copyright (c) 1996-2018 Texas Instruments Incorporated</copyright>
   <link_time>0x6a1e8bae</link_time>
   <link_errors>0x0</link_errors>
   <output_file>C:\Users\new\workspace_ccstheia\gpio_toggle_output_LP_MSPM0G3507_nortos_ticlang\Debug\gpio_toggle_output_LP_MSPM0G3507_nortos_ticlang.out</output_file>
   <entry_point>
      <name>_c_int00_noargs</name>
      <address>0x24d5</address>
   </entry_point>
   <input_file_list>
      <input_file id="fl-1">
         <path>C:\Users\new\workspace_ccstheia\gpio_toggle_output_LP_MSPM0G3507_nortos_ticlang\Debug\.\</path>
         <kind>object</kind>
         <file>gpio_toggle_output.o</file>
         <name>gpio_toggle_output.o</name>
      </input_file>
      <input_file id="fl-2">
         <path>C:\Users\new\workspace_ccstheia\gpio_toggle_output_LP_MSPM0G3507_nortos_ticlang\Debug\.\</path>
         <kind>object</kind>
         <file>ti_msp_dl_config.o</file>
         <name>ti_msp_dl_config.o</name>
      </input_file>
      <input_file id="fl-3">
         <path>C:\Users\new\workspace_ccstheia\gpio_toggle_output_LP_MSPM0G3507_nortos_ticlang\Debug\.\</path>
         <kind>object</kind>
         <file>startup_mspm0g350x_ticlang.o</file>
         <name>startup_mspm0g350x_ticlang.o</name>
      </input_file>
      <input_file id="fl-4">
         <path>C:\Users\new\workspace_ccstheia\gpio_toggle_output_LP_MSPM0G3507_nortos_ticlang\Debug\.\</path>
         <kind>object</kind>
         <file>motor.o</file>
         <name>motor.o</name>
      </input_file>
      <input_file id="fl-5">
         <path>C:\Users\new\workspace_ccstheia\gpio_toggle_output_LP_MSPM0G3507_nortos_ticlang\Debug\.\targetConfigs\</path>
         <kind>object</kind>
         <file>motor.o</file>
         <name>motor.o</name>
      </input_file>
      <input_file id="fl-12">
         <path>C:\Users\new\workspace_ccstheia\gpio_toggle_output_LP_MSPM0G3507_nortos_ticlang\Debug\</path>
         <kind>object</kind>
         <file>&lt;internal&gt;</file>
         <name>&lt;internal&gt;</name>
      </input_file>
      <input_file id="fl-13">
         <path>D:\Ti\mspm0_sdk_2_01_00_03\source\ti\driverlib\lib\ticlang\m0p\mspm0g1x0x_g3x0x\</path>
         <kind>archive</kind>
         <file>driverlib.a</file>
         <name>dl_common.o</name>
      </input_file>
      <input_file id="fl-14">
         <path>D:\Ti\mspm0_sdk_2_01_00_03\source\ti\driverlib\lib\ticlang\m0p\mspm0g1x0x_g3x0x\</path>
         <kind>archive</kind>
         <file>driverlib.a</file>
         <name>dl_timer.o</name>
      </input_file>
      <input_file id="fl-15">
         <path>D:\Ti\mspm0_sdk_2_01_00_03\source\ti\driverlib\lib\ticlang\m0p\mspm0g1x0x_g3x0x\</path>
         <kind>archive</kind>
         <file>driverlib.a</file>
         <name>dl_uart.o</name>
      </input_file>
      <input_file id="fl-24">
         <path>D:\Ti\ccs\tools\compiler\ti-cgt-armllvm_3.2.2.LTS\lib\armv6m-ti-none-eabi\c\</path>
         <kind>archive</kind>
         <file>libc.a</file>
         <name>boot_cortex_m.c.obj</name>
      </input_file>
      <input_file id="fl-25">
         <path>D:\Ti\ccs\tools\compiler\ti-cgt-armllvm_3.2.2.LTS\lib\armv6m-ti-none-eabi\c\</path>
         <kind>archive</kind>
         <file>libc.a</file>
         <name>mathacl_init.c.obj</name>
      </input_file>
      <input_file id="fl-26">
         <path>D:\Ti\ccs\tools\compiler\ti-cgt-armllvm_3.2.2.LTS\lib\armv6m-ti-none-eabi\c\</path>
         <kind>archive</kind>
         <file>libc.a</file>
         <name>autoinit.c.obj</name>
      </input_file>
      <input_file id="fl-27">
         <path>D:\Ti\ccs\tools\compiler\ti-cgt-armllvm_3.2.2.LTS\lib\armv6m-ti-none-eabi\c\</path>
         <kind>archive</kind>
         <file>libc.a</file>
         <name>pre_init.c.obj</name>
      </input_file>
      <input_file id="fl-28">
         <path>D:\Ti\ccs\tools\compiler\ti-cgt-armllvm_3.2.2.LTS\lib\armv6m-ti-none-eabi\c\</path>
         <kind>archive</kind>
         <file>libc.a</file>
         <name>cpy_tbl.c.obj</name>
      </input_file>
      <input_file id="fl-29">
         <path>D:\Ti\ccs\tools\compiler\ti-cgt-armllvm_3.2.2.LTS\lib\armv6m-ti-none-eabi\c\</path>
         <kind>archive</kind>
         <file>libc.a</file>
         <name>copy_zero_init.c.obj</name>
      </input_file>
      <input_file id="fl-2a">
         <path>D:\Ti\ccs\tools\compiler\ti-cgt-armllvm_3.2.2.LTS\lib\armv6m-ti-none-eabi\c\</path>
         <kind>archive</kind>
         <file>libc.a</file>
         <name>copy_decompress_none.c.obj</name>
      </input_file>
      <input_file id="fl-2b">
         <path>D:\Ti\ccs\tools\compiler\ti-cgt-armllvm_3.2.2.LTS\lib\armv6m-ti-none-eabi\c\</path>
         <kind>archive</kind>
         <file>libc.a</file>
         <name>copy_decompress_lzss.c.obj</name>
      </input_file>
      <input_file id="fl-2c">
         <path>D:\Ti\ccs\tools\compiler\ti-cgt-armllvm_3.2.2.LTS\lib\armv6m-ti-none-eabi\c\</path>
         <kind>archive</kind>
         <file>libc.a</file>
         <name>exit.c.obj</name>
      </input_file>
      <input_file id="fl-2d">
         <path>D:\Ti\ccs\tools\compiler\ti-cgt-armllvm_3.2.2.LTS\lib\armv6m-ti-none-eabi\c\</path>
         <kind>archive</kind>
         <file>libc.a</file>
         <name>_lock.c.obj</name>
      </input_file>
      <input_file id="fl-2e">
         <path>D:\Ti\ccs\tools\compiler\ti-cgt-armllvm_3.2.2.LTS\lib\armv6m-ti-none-eabi\c\</path>
         <kind>archive</kind>
         <file>libc.a</file>
         <name>args_main.c.obj</name>
      </input_file>
      <input_file id="fl-94">
         <path>D:\Ti\ccs\tools\compiler\ti-cgt-armllvm_3.2.2.LTS\lib\clang\15.0.7\lib\armv6m-ti-none-eabi\</path>
         <kind>archive</kind>
         <file>libclang_rt.builtins.a</file>
         <name>addsf3.S.obj</name>
      </input_file>
      <input_file id="fl-95">
         <path>D:\Ti\ccs\tools\compiler\ti-cgt-armllvm_3.2.2.LTS\lib\clang\15.0.7\lib\armv6m-ti-none-eabi\</path>
         <kind>archive</kind>
         <file>libclang_rt.builtins.a</file>
         <name>mulsf3.S.obj</name>
      </input_file>
      <input_file id="fl-96">
         <path>D:\Ti\ccs\tools\compiler\ti-cgt-armllvm_3.2.2.LTS\lib\clang\15.0.7\lib\armv6m-ti-none-eabi\</path>
         <kind>archive</kind>
         <file>libclang_rt.builtins.a</file>
         <name>divsf3.S.obj</name>
      </input_file>
      <input_file id="fl-97">
         <path>D:\Ti\ccs\tools\compiler\ti-cgt-armllvm_3.2.2.LTS\lib\clang\15.0.7\lib\armv6m-ti-none-eabi\</path>
         <kind>archive</kind>
         <file>libclang_rt.builtins.a</file>
         <name>fixsfsi.S.obj</name>
      </input_file>
      <input_file id="fl-98">
         <path>D:\Ti\ccs\tools\compiler\ti-cgt-armllvm_3.2.2.LTS\lib\clang\15.0.7\lib\armv6m-ti-none-eabi\</path>
         <kind>archive</kind>
         <file>libclang_rt.builtins.a</file>
         <name>floatsisf.S.obj</name>
      </input_file>
      <input_file id="fl-99">
         <path>D:\Ti\ccs\tools\compiler\ti-cgt-armllvm_3.2.2.LTS\lib\clang\15.0.7\lib\armv6m-ti-none-eabi\</path>
         <kind>archive</kind>
         <file>libclang_rt.builtins.a</file>
         <name>aeabi_fcmp.S.obj</name>
      </input_file>
      <input_file id="fl-9a">
         <path>D:\Ti\ccs\tools\compiler\ti-cgt-armllvm_3.2.2.LTS\lib\clang\15.0.7\lib\armv6m-ti-none-eabi\</path>
         <kind>archive</kind>
         <file>libclang_rt.builtins.a</file>
         <name>aeabi_memcpy.S.obj</name>
      </input_file>
      <input_file id="fl-9b">
         <path>D:\Ti\ccs\tools\compiler\ti-cgt-armllvm_3.2.2.LTS\lib\clang\15.0.7\lib\armv6m-ti-none-eabi\</path>
         <kind>archive</kind>
         <file>libclang_rt.builtins.a</file>
         <name>aeabi_memset.S.obj</name>
      </input_file>
      <input_file id="fl-9c">
         <path>D:\Ti\ccs\tools\compiler\ti-cgt-armllvm_3.2.2.LTS\lib\clang\15.0.7\lib\armv6m-ti-none-eabi\</path>
         <kind>archive</kind>
         <file>libclang_rt.builtins.a</file>
         <name>aeabi_uidivmod.S.obj</name>
      </input_file>
      <input_file id="fl-9d">
         <path>D:\Ti\ccs\tools\compiler\ti-cgt-armllvm_3.2.2.LTS\lib\clang\15.0.7\lib\armv6m-ti-none-eabi\</path>
         <kind>archive</kind>
         <file>libclang_rt.builtins.a</file>
         <name>comparesf2.S.obj</name>
      </input_file>
      <input_file id="fl-9e">
         <path>D:\Ti\ccs\tools\compiler\ti-cgt-armllvm_3.2.2.LTS\lib\clang\15.0.7\lib\armv6m-ti-none-eabi\</path>
         <kind>archive</kind>
         <file>libclang_rt.builtins.a</file>
         <name>muldsi3.S.obj</name>
      </input_file>
      <input_file id="fl-9f">
         <path>D:\Ti\ccs\tools\compiler\ti-cgt-armllvm_3.2.2.LTS\lib\clang\15.0.7\lib\armv6m-ti-none-eabi\</path>
         <kind>archive</kind>
         <file>libclang_rt.builtins.a</file>
         <name>aeabi_div0.c.obj</name>
      </input_file>
      <input_file id="fl-a0">
         <path>D:\Ti\ccs\tools\compiler\ti-cgt-armllvm_3.2.2.LTS\lib\armv6m-ti-none-eabi\c\</path>
         <kind>archive</kind>
         <file>libc.a</file>
         <name>memcpy16.S.obj</name>
      </input_file>
      <input_file id="fl-a1">
         <path>D:\Ti\ccs\tools\compiler\ti-cgt-armllvm_3.2.2.LTS\lib\armv6m-ti-none-eabi\c\</path>
         <kind>archive</kind>
         <file>libc.a</file>
         <name>memset16.S.obj</name>
      </input_file>
   </input_file_list>
   <object_component_list>
      <object_component id="oc-18">
         <name>.intvecs</name>
         <load_address>0x0</load_address>
         <readonly>true</readonly>
         <run_address>0x0</run_address>
         <size>0xc0</size>
         <alignment>0x4</alignment>
         <input_file_ref idref="fl-3"/>
      </object_component>
      <object_component id="oc-130">
         <name>.text.y_axis_apply_soft_limit</name>
         <load_address>0xc0</load_address>
         <readonly>true</readonly>
         <executable>true</executable>
         <run_address>0xc0</run_address>
         <size>0x190</size>
         <alignment>0x4</alignment>
         <input_file_ref idref="fl-1"/>
      </object_component>
      <object_component id="oc-11a">
         <name>.text.vision_track_rect_error</name>
         <load_address>0x250</load_address>
         <readonly>true</readonly>
         <executable>true</executable>
         <run_address>0x250</run_address>
         <size>0x160</size>
         <alignment>0x4</alignment>
         <input_file_ref idref="fl-1"/>
      </object_component>
      <object_component id="oc-69">
         <name>.text.tracking_control_task</name>
         <load_address>0x3b0</load_address>
         <readonly>true</readonly>
         <executable>true</executable>
         <run_address>0x3b0</run_address>
         <size>0x154</size>
         <alignment>0x4</alignment>
         <input_file_ref idref="fl-1"/>
      </object_component>
      <object_component id="oc-60">
         <name>.text.motor_uart1_process_byte</name>
         <load_address>0x504</load_address>
         <readonly>true</readonly>
         <executable>true</executable>
         <run_address>0x504</run_address>
         <size>0x148</size>
         <alignment>0x4</alignment>
         <input_file_ref idref="fl-1"/>
      </object_component>
      <object_component id="oc-b2">
         <name>.text.parse_imu_data</name>
         <load_address>0x64c</load_address>
         <readonly>true</readonly>
         <executable>true</executable>
         <run_address>0x64c</run_address>
         <size>0x110</size>
         <alignment>0x4</alignment>
         <input_file_ref idref="fl-1"/>
      </object_component>
      <object_component id="oc-123">
         <name>.text.gimbal_x_update_yaw_compensation</name>
         <load_address>0x75c</load_address>
         <readonly>true</readonly>
         <executable>true</executable>
         <run_address>0x75c</run_address>
         <size>0x108</size>
         <alignment>0x4</alignment>
         <input_file_ref idref="fl-1"/>
      </object_component>
      <object_component id="oc-64">
         <name>.text.uart0_process_byte</name>
         <load_address>0x864</load_address>
         <readonly>true</readonly>
         <executable>true</executable>
         <run_address>0x864</run_address>
         <size>0xfc</size>
         <alignment>0x4</alignment>
         <input_file_ref idref="fl-1"/>
      </object_component>
      <object_component id="oc-1a2">
         <name>.text.DL_Timer_initTimerMode</name>
         <load_address>0x960</load_address>
         <readonly>true</readonly>
         <executable>true</executable>
         <run_address>0x960</run_address>
         <size>0xe8</size>
         <alignment>0x4</alignment>
         <input_file_ref idref="fl-14"/>
      </object_component>
      <object_component id="oc-17e">
         <name>.text</name>
         <load_address>0xa48</load_address>
         <readonly>true</readonly>
         <executable>true</executable>
         <run_address>0xa48</run_address>
         <size>0xd8</size>
         <alignment>0x4</alignment>
         <input_file_ref idref="fl-94"/>
      </object_component>
      <object_component id="oc-6b">
         <name>.text.motor_test_task</name>
         <load_address>0xb20</load_address>
         <readonly>true</readonly>
         <executable>true</executable>
         <run_address>0xb20</run_address>
         <size>0xd4</size>
         <alignment>0x4</alignment>
         <input_file_ref idref="fl-1"/>
      </object_component>
      <object_component id="oc-16a">
         <name>.text.vision_pid_to_speed</name>
         <load_address>0xbf4</load_address>
         <readonly>true</readonly>
         <executable>true</executable>
         <run_address>0xbf4</run_address>
         <size>0xd4</size>
         <alignment>0x4</alignment>
         <input_file_ref idref="fl-1"/>
      </object_component>
      <object_component id="oc-6a">
         <name>.text.ecg_draw_task</name>
         <load_address>0xcc8</load_address>
         <readonly>true</readonly>
         <executable>true</executable>
         <run_address>0xcc8</run_address>
         <size>0xd0</size>
         <alignment>0x4</alignment>
         <input_file_ref idref="fl-1"/>
      </object_component>
      <object_component id="oc-139">
         <name>.text.Motor_send_bytes</name>
         <load_address>0xd98</load_address>
         <readonly>true</readonly>
         <executable>true</executable>
         <run_address>0xd98</run_address>
         <size>0xc4</size>
         <alignment>0x4</alignment>
         <input_file_ref idref="fl-4"/>
      </object_component>
      <object_component id="oc-183">
         <name>.text.Motor_build_position_cmd</name>
         <load_address>0xe5c</load_address>
         <readonly>true</readonly>
         <executable>true</executable>
         <run_address>0xe5c</run_address>
         <size>0xbc</size>
         <alignment>0x4</alignment>
         <input_file_ref idref="fl-4"/>
      </object_component>
      <object_component id="oc-b1">
         <name>.text.parse_vision_data</name>
         <load_address>0xf18</load_address>
         <readonly>true</readonly>
         <executable>true</executable>
         <run_address>0xf18</run_address>
         <size>0xb8</size>
         <alignment>0x4</alignment>
         <input_file_ref idref="fl-1"/>
      </object_component>
      <object_component id="oc-177">
         <name>.text.pid_update</name>
         <load_address>0xfd0</load_address>
         <readonly>true</readonly>
         <executable>true</executable>
         <run_address>0xfd0</run_address>
         <size>0xb4</size>
         <alignment>0x2</alignment>
         <input_file_ref idref="fl-1"/>
      </object_component>
      <object_component id="oc-63">
         <name>.text.uart2_process_byte</name>
         <load_address>0x1084</load_address>
         <readonly>true</readonly>
         <executable>true</executable>
         <run_address>0x1084</run_address>
         <size>0xa8</size>
         <alignment>0x4</alignment>
         <input_file_ref idref="fl-1"/>
      </object_component>
      <object_component id="oc-7b">
         <name>.text.main</name>
         <load_address>0x112c</load_address>
         <readonly>true</readonly>
         <executable>true</executable>
         <run_address>0x112c</run_address>
         <size>0xa4</size>
         <alignment>0x4</alignment>
         <input_file_ref idref="fl-1"/>
      </object_component>
      <object_component id="oc-b4">
         <name>.text.send_combined_gimbal_speed_if_changed</name>
         <load_address>0x11d0</load_address>
         <readonly>true</readonly>
         <executable>true</executable>
         <run_address>0x11d0</run_address>
         <size>0x98</size>
         <alignment>0x4</alignment>
         <input_file_ref idref="fl-1"/>
      </object_component>
      <object_component id="oc-86">
         <name>.text.parse_motor_position_frame</name>
         <load_address>0x1268</load_address>
         <readonly>true</readonly>
         <executable>true</executable>
         <run_address>0x1268</run_address>
         <size>0x94</size>
         <alignment>0x4</alignment>
         <input_file_ref idref="fl-1"/>
      </object_component>
      <object_component id="oc-d6">
         <name>.text.select_startup_mode</name>
         <load_address>0x12fc</load_address>
         <readonly>true</readonly>
         <executable>true</executable>
         <run_address>0x12fc</run_address>
         <size>0x94</size>
         <alignment>0x2</alignment>
         <input_file_ref idref="fl-1"/>
      </object_component>
      <object_component id="oc-144">
         <name>.text.SYSCFG_DL_GPIO_init</name>
         <load_address>0x1390</load_address>
         <readonly>true</readonly>
         <executable>true</executable>
         <run_address>0x1390</run_address>
         <size>0x8c</size>
         <alignment>0x4</alignment>
         <input_file_ref idref="fl-2"/>
      </object_component>
      <object_component id="oc-f9">
         <name>.text.__mulsf3</name>
         <load_address>0x141c</load_address>
         <readonly>true</readonly>
         <executable>true</executable>
         <run_address>0x141c</run_address>
         <size>0x8c</size>
         <alignment>0x4</alignment>
         <input_file_ref idref="fl-95"/>
      </object_component>
      <object_component id="oc-b3">
         <name>.text.vision_timeout_check</name>
         <load_address>0x14a8</load_address>
         <readonly>true</readonly>
         <executable>true</executable>
         <run_address>0x14a8</run_address>
         <size>0x8c</size>
         <alignment>0x4</alignment>
         <input_file_ref idref="fl-1"/>
      </object_component>
      <object_component id="oc-138">
         <name>.text.Motor_build_speed_cmd</name>
         <load_address>0x1534</load_address>
         <readonly>true</readonly>
         <executable>true</executable>
         <run_address>0x1534</run_address>
         <size>0x88</size>
         <alignment>0x4</alignment>
         <input_file_ref idref="fl-4"/>
      </object_component>
      <object_component id="oc-3b">
         <name>.text.TIMA0_IRQHandler</name>
         <load_address>0x15bc</load_address>
         <readonly>true</readonly>
         <executable>true</executable>
         <run_address>0x15bc</run_address>
         <size>0x88</size>
         <alignment>0x4</alignment>
         <input_file_ref idref="fl-1"/>
      </object_component>
      <object_component id="oc-1a4">
         <name>.text.__NVIC_SetPriority</name>
         <load_address>0x1644</load_address>
         <readonly>true</readonly>
         <executable>true</executable>
         <run_address>0x1644</run_address>
         <size>0x84</size>
         <alignment>0x4</alignment>
         <input_file_ref idref="fl-2"/>
      </object_component>
      <object_component id="oc-fd">
         <name>.text.__divsf3</name>
         <load_address>0x16c8</load_address>
         <readonly>true</readonly>
         <executable>true</executable>
         <run_address>0x16c8</run_address>
         <size>0x82</size>
         <alignment>0x4</alignment>
         <input_file_ref idref="fl-96"/>
      </object_component>
      <object_component id="oc-131">
         <name>.text.y_axis_soft_limit_update_position</name>
         <load_address>0x174c</load_address>
         <readonly>true</readonly>
         <executable>true</executable>
         <run_address>0x174c</run_address>
         <size>0x80</size>
         <alignment>0x4</alignment>
         <input_file_ref idref="fl-1"/>
      </object_component>
      <object_component id="oc-143">
         <name>.text.SYSCFG_DL_initPower</name>
         <load_address>0x17cc</load_address>
         <readonly>true</readonly>
         <executable>true</executable>
         <run_address>0x17cc</run_address>
         <size>0x7c</size>
         <alignment>0x4</alignment>
         <input_file_ref idref="fl-2"/>
      </object_component>
      <object_component id="oc-1c">
         <name>.text:decompress:lzss</name>
         <load_address>0x1848</load_address>
         <readonly>true</readonly>
         <executable>true</executable>
         <run_address>0x1848</run_address>
         <size>0x78</size>
         <alignment>0x4</alignment>
         <input_file_ref idref="fl-2b"/>
      </object_component>
      <object_component id="oc-68">
         <name>.text.stop_all_motion</name>
         <load_address>0x18c0</load_address>
         <readonly>true</readonly>
         <executable>true</executable>
         <run_address>0x18c0</run_address>
         <size>0x70</size>
         <alignment>0x4</alignment>
         <input_file_ref idref="fl-1"/>
      </object_component>
      <object_component id="oc-c3">
         <name>.text.Motor_setspeed_XY</name>
         <load_address>0x1930</load_address>
         <readonly>true</readonly>
         <executable>true</executable>
         <run_address>0x1930</run_address>
         <size>0x64</size>
         <alignment>0x4</alignment>
         <input_file_ref idref="fl-4"/>
      </object_component>
      <object_component id="oc-ad">
         <name>.text.uart0_poll_receive</name>
         <load_address>0x1994</load_address>
         <readonly>true</readonly>
         <executable>true</executable>
         <run_address>0x1994</run_address>
         <size>0x64</size>
         <alignment>0x4</alignment>
         <input_file_ref idref="fl-1"/>
      </object_component>
      <object_component id="oc-af">
         <name>.text.uart2_poll_receive</name>
         <load_address>0x19f8</load_address>
         <readonly>true</readonly>
         <executable>true</executable>
         <run_address>0x19f8</run_address>
         <size>0x64</size>
         <alignment>0x4</alignment>
         <input_file_ref idref="fl-1"/>
      </object_component>
      <object_component id="oc-b5">
         <name>.text.y_axis_soft_limit_guard_tick</name>
         <load_address>0x1a5c</load_address>
         <readonly>true</readonly>
         <executable>true</executable>
         <run_address>0x1a5c</run_address>
         <size>0x64</size>
         <alignment>0x4</alignment>
         <input_file_ref idref="fl-1"/>
      </object_component>
      <object_component id="oc-173">
         <name>.text.__aeabi_fcmp</name>
         <load_address>0x1ac0</load_address>
         <readonly>true</readonly>
         <executable>true</executable>
         <run_address>0x1ac0</run_address>
         <size>0x62</size>
         <alignment>0x4</alignment>
         <input_file_ref idref="fl-99"/>
      </object_component>
      <object_component id="oc-167">
         <name>.text.add_angle_wrap_deg</name>
         <load_address>0x1b24</load_address>
         <readonly>true</readonly>
         <executable>true</executable>
         <run_address>0x1b24</run_address>
         <size>0x60</size>
         <alignment>0x4</alignment>
         <input_file_ref idref="fl-1"/>
      </object_component>
      <object_component id="oc-169">
         <name>.text.angle_error_deg</name>
         <load_address>0x1b84</load_address>
         <readonly>true</readonly>
         <executable>true</executable>
         <run_address>0x1b84</run_address>
         <size>0x60</size>
         <alignment>0x4</alignment>
         <input_file_ref idref="fl-1"/>
      </object_component>
      <object_component id="oc-16b">
         <name>.text.scale_speed_with_gear</name>
         <load_address>0x1be4</load_address>
         <readonly>true</readonly>
         <executable>true</executable>
         <run_address>0x1be4</run_address>
         <size>0x5c</size>
         <alignment>0x4</alignment>
         <input_file_ref idref="fl-1"/>
      </object_component>
      <object_component id="oc-b0">
         <name>.text.y_position_query_task</name>
         <load_address>0x1c40</load_address>
         <readonly>true</readonly>
         <executable>true</executable>
         <run_address>0x1c40</run_address>
         <size>0x5c</size>
         <alignment>0x4</alignment>
         <input_file_ref idref="fl-1"/>
      </object_component>
      <object_component id="oc-bc">
         <name>.text.Motor_move_relative_XY</name>
         <load_address>0x1c9c</load_address>
         <readonly>true</readonly>
         <executable>true</executable>
         <run_address>0x1c9c</run_address>
         <size>0x58</size>
         <alignment>0x4</alignment>
         <input_file_ref idref="fl-4"/>
      </object_component>
      <object_component id="oc-34">
         <name>.text.UART1_IRQHandler</name>
         <load_address>0x1cf4</load_address>
         <readonly>true</readonly>
         <executable>true</executable>
         <run_address>0x1cf4</run_address>
         <size>0x58</size>
         <alignment>0x4</alignment>
         <input_file_ref idref="fl-1"/>
      </object_component>
      <object_component id="oc-39">
         <name>.text.UART2_IRQHandler</name>
         <load_address>0x1d4c</load_address>
         <readonly>true</readonly>
         <executable>true</executable>
         <run_address>0x1d4c</run_address>
         <size>0x58</size>
         <alignment>0x4</alignment>
         <input_file_ref idref="fl-1"/>
      </object_component>
      <object_component id="oc-ae">
         <name>.text.motor_uart1_poll_receive</name>
         <load_address>0x1da4</load_address>
         <readonly>true</readonly>
         <executable>true</executable>
         <run_address>0x1da4</run_address>
         <size>0x58</size>
         <alignment>0x4</alignment>
         <input_file_ref idref="fl-1"/>
      </object_component>
      <object_component id="oc-d7">
         <name>.text.wait_buttons_released</name>
         <load_address>0x1dfc</load_address>
         <readonly>true</readonly>
         <executable>true</executable>
         <run_address>0x1dfc</run_address>
         <size>0x54</size>
         <alignment>0x2</alignment>
         <input_file_ref idref="fl-1"/>
      </object_component>
      <object_component id="oc-1b0">
         <name>.text.DL_UART_setBaudRateDivisor</name>
         <load_address>0x1e50</load_address>
         <readonly>true</readonly>
         <executable>true</executable>
         <run_address>0x1e50</run_address>
         <size>0x4c</size>
         <alignment>0x4</alignment>
         <input_file_ref idref="fl-2"/>
      </object_component>
      <object_component id="oc-1ae">
         <name>.text.DL_UART_init</name>
         <load_address>0x1e9c</load_address>
         <readonly>true</readonly>
         <executable>true</executable>
         <run_address>0x1e9c</run_address>
         <size>0x48</size>
         <alignment>0x4</alignment>
         <input_file_ref idref="fl-15"/>
      </object_component>
      <object_component id="oc-147">
         <name>.text.SYSCFG_DL_UART_0_init</name>
         <load_address>0x1ee4</load_address>
         <readonly>true</readonly>
         <executable>true</executable>
         <run_address>0x1ee4</run_address>
         <size>0x48</size>
         <alignment>0x4</alignment>
         <input_file_ref idref="fl-2"/>
      </object_component>
      <object_component id="oc-148">
         <name>.text.SYSCFG_DL_UART_1_init</name>
         <load_address>0x1f2c</load_address>
         <readonly>true</readonly>
         <executable>true</executable>
         <run_address>0x1f2c</run_address>
         <size>0x48</size>
         <alignment>0x4</alignment>
         <input_file_ref idref="fl-2"/>
      </object_component>
      <object_component id="oc-149">
         <name>.text.SYSCFG_DL_UART_2_init</name>
         <load_address>0x1f74</load_address>
         <readonly>true</readonly>
         <executable>true</executable>
         <run_address>0x1f74</run_address>
         <size>0x48</size>
         <alignment>0x4</alignment>
         <input_file_ref idref="fl-2"/>
      </object_component>
      <object_component id="oc-119">
         <name>.text.vision_checksum</name>
         <load_address>0x1fbc</load_address>
         <readonly>true</readonly>
         <executable>true</executable>
         <run_address>0x1fbc</run_address>
         <size>0x46</size>
         <alignment>0x2</alignment>
         <input_file_ref idref="fl-1"/>
      </object_component>
      <object_component id="oc-135">
         <name>.text.Motor_move_relative_cmd</name>
         <load_address>0x2004</load_address>
         <readonly>true</readonly>
         <executable>true</executable>
         <run_address>0x2004</run_address>
         <size>0x44</size>
         <alignment>0x4</alignment>
         <input_file_ref idref="fl-4"/>
      </object_component>
      <object_component id="oc-9b">
         <name>.text.Laser_Set</name>
         <load_address>0x2048</load_address>
         <readonly>true</readonly>
         <executable>true</executable>
         <run_address>0x2048</run_address>
         <size>0x40</size>
         <alignment>0x4</alignment>
         <input_file_ref idref="fl-1"/>
      </object_component>
      <object_component id="oc-1c4">
         <name>.text.clamp_float</name>
         <load_address>0x2088</load_address>
         <readonly>true</readonly>
         <executable>true</executable>
         <run_address>0x2088</run_address>
         <size>0x3e</size>
         <alignment>0x2</alignment>
         <input_file_ref idref="fl-1"/>
      </object_component>
      <object_component id="oc-146">
         <name>.text.SYSCFG_DL_CONTROL_TIMER_init</name>
         <load_address>0x20c8</load_address>
         <readonly>true</readonly>
         <executable>true</executable>
         <run_address>0x20c8</run_address>
         <size>0x3c</size>
         <alignment>0x4</alignment>
         <input_file_ref idref="fl-2"/>
      </object_component>
      <object_component id="oc-f5">
         <name>.text.__floatsisf</name>
         <load_address>0x2104</load_address>
         <readonly>true</readonly>
         <executable>true</executable>
         <run_address>0x2104</run_address>
         <size>0x3c</size>
         <alignment>0x4</alignment>
         <input_file_ref idref="fl-98"/>
      </object_component>
      <object_component id="oc-1ca">
         <name>.text.__gtsf2</name>
         <load_address>0x2140</load_address>
         <readonly>true</readonly>
         <executable>true</executable>
         <run_address>0x2140</run_address>
         <size>0x3c</size>
         <alignment>0x4</alignment>
         <input_file_ref idref="fl-9d"/>
      </object_component>
      <object_component id="oc-e3">
         <name>.text:__TI_auto_init_nobinit_nopinit</name>
         <load_address>0x217c</load_address>
         <readonly>true</readonly>
         <executable>true</executable>
         <run_address>0x217c</run_address>
         <size>0x3c</size>
         <alignment>0x4</alignment>
         <input_file_ref idref="fl-26"/>
      </object_component>
      <object_component id="oc-1c5">
         <name>.text.__eqsf2</name>
         <load_address>0x21b8</load_address>
         <readonly>true</readonly>
         <executable>true</executable>
         <run_address>0x21b8</run_address>
         <size>0x3a</size>
         <alignment>0x4</alignment>
         <input_file_ref idref="fl-9d"/>
      </object_component>
      <object_component id="oc-15b">
         <name>.text.__muldsi3</name>
         <load_address>0x21f4</load_address>
         <readonly>true</readonly>
         <executable>true</executable>
         <run_address>0x21f4</run_address>
         <size>0x3a</size>
         <alignment>0x4</alignment>
         <input_file_ref idref="fl-9e"/>
      </object_component>
      <object_component id="oc-101">
         <name>.text.__fixsfsi</name>
         <load_address>0x2230</load_address>
         <readonly>true</readonly>
         <executable>true</executable>
         <run_address>0x2230</run_address>
         <size>0x38</size>
         <alignment>0x4</alignment>
         <input_file_ref idref="fl-97"/>
      </object_component>
      <object_component id="oc-d8">
         <name>.text.ecg_draw_reset</name>
         <load_address>0x2268</load_address>
         <readonly>true</readonly>
         <executable>true</executable>
         <run_address>0x2268</run_address>
         <size>0x38</size>
         <alignment>0x4</alignment>
         <input_file_ref idref="fl-1"/>
      </object_component>
      <object_component id="oc-14d">
         <name>.text.delay_ms</name>
         <load_address>0x22a0</load_address>
         <readonly>true</readonly>
         <executable>true</executable>
         <run_address>0x22a0</run_address>
         <size>0x36</size>
         <alignment>0x2</alignment>
         <input_file_ref idref="fl-1"/>
      </object_component>
      <object_component id="oc-195">
         <name>.text.DL_GPIO_initDigitalInputFeatures</name>
         <load_address>0x22d8</load_address>
         <readonly>true</readonly>
         <executable>true</executable>
         <run_address>0x22d8</run_address>
         <size>0x34</size>
         <alignment>0x4</alignment>
         <input_file_ref idref="fl-2"/>
      </object_component>
      <object_component id="oc-1b9">
         <name>.text.delay_cyc_us</name>
         <load_address>0x230c</load_address>
         <readonly>true</readonly>
         <executable>true</executable>
         <run_address>0x230c</run_address>
         <size>0x34</size>
         <alignment>0x2</alignment>
         <input_file_ref idref="fl-1"/>
      </object_component>
      <object_component id="oc-168">
         <name>.text.angle_limit_around_base_deg</name>
         <load_address>0x2340</load_address>
         <readonly>true</readonly>
         <executable>true</executable>
         <run_address>0x2340</run_address>
         <size>0x32</size>
         <alignment>0x2</alignment>
         <input_file_ref idref="fl-1"/>
      </object_component>
      <object_component id="oc-133">
         <name>.text.Motor_send_speed_cmd</name>
         <load_address>0x2374</load_address>
         <readonly>true</readonly>
         <executable>true</executable>
         <run_address>0x2374</run_address>
         <size>0x30</size>
         <alignment>0x4</alignment>
         <input_file_ref idref="fl-4"/>
      </object_component>
      <object_component id="oc-3a">
         <name>.text.UART0_IRQHandler</name>
         <load_address>0x23a4</load_address>
         <readonly>true</readonly>
         <executable>true</executable>
         <run_address>0x23a4</run_address>
         <size>0x30</size>
         <alignment>0x4</alignment>
         <input_file_ref idref="fl-1"/>
      </object_component>
      <object_component id="oc-d1">
         <name>.text.SYSCFG_DL_init</name>
         <load_address>0x23d4</load_address>
         <readonly>true</readonly>
         <executable>true</executable>
         <run_address>0x23d4</run_address>
         <size>0x2c</size>
         <alignment>0x4</alignment>
         <input_file_ref idref="fl-2"/>
      </object_component>
      <object_component id="oc-d9">
         <name>.text.__NVIC_ClearPendingIRQ</name>
         <load_address>0x2400</load_address>
         <readonly>true</readonly>
         <executable>true</executable>
         <run_address>0x2400</run_address>
         <size>0x2c</size>
         <alignment>0x4</alignment>
         <input_file_ref idref="fl-1"/>
      </object_component>
      <object_component id="oc-da">
         <name>.text.__NVIC_EnableIRQ</name>
         <load_address>0x242c</load_address>
         <readonly>true</readonly>
         <executable>true</executable>
         <run_address>0x242c</run_address>
         <size>0x2c</size>
         <alignment>0x4</alignment>
         <input_file_ref idref="fl-1"/>
      </object_component>
      <object_component id="oc-12c">
         <name>.text.vision_stop_tracking</name>
         <load_address>0x2458</load_address>
         <readonly>true</readonly>
         <executable>true</executable>
         <run_address>0x2458</run_address>
         <size>0x2c</size>
         <alignment>0x4</alignment>
         <input_file_ref idref="fl-1"/>
      </object_component>
      <object_component id="oc-1cd">
         <name>.text.DL_Common_updateReg</name>
         <load_address>0x2484</load_address>
         <readonly>true</readonly>
         <executable>true</executable>
         <run_address>0x2484</run_address>
         <size>0x28</size>
         <alignment>0x2</alignment>
         <input_file_ref idref="fl-2"/>
      </object_component>
      <object_component id="oc-162">
         <name>.text.Motor_stop_cmd</name>
         <load_address>0x24ac</load_address>
         <readonly>true</readonly>
         <executable>true</executable>
         <run_address>0x24ac</run_address>
         <size>0x28</size>
         <alignment>0x2</alignment>
         <input_file_ref idref="fl-4"/>
      </object_component>
      <object_component id="oc-57">
         <name>.text:_c_int00_noargs</name>
         <load_address>0x24d4</load_address>
         <readonly>true</readonly>
         <executable>true</executable>
         <run_address>0x24d4</run_address>
         <size>0x28</size>
         <alignment>0x4</alignment>
         <input_file_ref idref="fl-24"/>
      </object_component>
      <object_component id="oc-b6">
         <name>.text.Motor_setspeed_X</name>
         <load_address>0x24fc</load_address>
         <readonly>true</readonly>
         <executable>true</executable>
         <run_address>0x24fc</run_address>
         <size>0x24</size>
         <alignment>0x4</alignment>
         <input_file_ref idref="fl-4"/>
      </object_component>
      <object_component id="oc-193">
         <name>.text.DL_GPIO_initPeripheralInputFunction</name>
         <load_address>0x2520</load_address>
         <readonly>true</readonly>
         <executable>true</executable>
         <run_address>0x2520</run_address>
         <size>0x20</size>
         <alignment>0x4</alignment>
         <input_file_ref idref="fl-2"/>
      </object_component>
      <object_component id="oc-166">
         <name>.text.Motor_read_realtime_position_cmd</name>
         <load_address>0x2540</load_address>
         <readonly>true</readonly>
         <executable>true</executable>
         <run_address>0x2540</run_address>
         <size>0x20</size>
         <alignment>0x2</alignment>
         <input_file_ref idref="fl-4"/>
      </object_component>
      <object_component id="oc-66">
         <name>.text.button_pressed</name>
         <load_address>0x2560</load_address>
         <readonly>true</readonly>
         <executable>true</executable>
         <run_address>0x2560</run_address>
         <size>0x20</size>
         <alignment>0x4</alignment>
         <input_file_ref idref="fl-1"/>
      </object_component>
      <object_component id="oc-1af">
         <name>.text.DL_UART_setOversampling</name>
         <load_address>0x2580</load_address>
         <readonly>true</readonly>
         <executable>true</executable>
         <run_address>0x2580</run_address>
         <size>0x1e</size>
         <alignment>0x2</alignment>
         <input_file_ref idref="fl-2"/>
      </object_component>
      <object_component id="oc-145">
         <name>.text.SYSCFG_DL_SYSCTL_init</name>
         <load_address>0x259e</load_address>
         <readonly>true</readonly>
         <executable>true</executable>
         <run_address>0x259e</run_address>
         <size>0x1e</size>
         <alignment>0x2</alignment>
         <input_file_ref idref="fl-2"/>
      </object_component>
      <object_component id="oc-192">
         <name>.text.DL_GPIO_initPeripheralOutputFunction</name>
         <load_address>0x25bc</load_address>
         <readonly>true</readonly>
         <executable>true</executable>
         <run_address>0x25bc</run_address>
         <size>0x1c</size>
         <alignment>0x4</alignment>
         <input_file_ref idref="fl-2"/>
      </object_component>
      <object_component id="oc-199">
         <name>.text.DL_SYSCTL_setSYSOSCFreq</name>
         <load_address>0x25d8</load_address>
         <readonly>true</readonly>
         <executable>true</executable>
         <run_address>0x25d8</run_address>
         <size>0x1c</size>
         <alignment>0x4</alignment>
         <input_file_ref idref="fl-2"/>
      </object_component>
      <object_component id="oc-1a3">
         <name>.text.DL_Timer_enableInterrupt</name>
         <load_address>0x25f4</load_address>
         <readonly>true</readonly>
         <executable>true</executable>
         <run_address>0x25f4</run_address>
         <size>0x1c</size>
         <alignment>0x4</alignment>
         <input_file_ref idref="fl-2"/>
      </object_component>
      <object_component id="oc-19c">
         <name>.text.DL_Timer_setClockConfig</name>
         <load_address>0x2610</load_address>
         <readonly>true</readonly>
         <executable>true</executable>
         <run_address>0x2610</run_address>
         <size>0x1c</size>
         <alignment>0x4</alignment>
         <input_file_ref idref="fl-14"/>
      </object_component>
      <object_component id="oc-1b1">
         <name>.text.DL_UART_enableInterrupt</name>
         <load_address>0x262c</load_address>
         <readonly>true</readonly>
         <executable>true</executable>
         <run_address>0x262c</run_address>
         <size>0x1c</size>
         <alignment>0x4</alignment>
         <input_file_ref idref="fl-2"/>
      </object_component>
      <object_component id="oc-197">
         <name>.text.DL_GPIO_enableOutput</name>
         <load_address>0x2648</load_address>
         <readonly>true</readonly>
         <executable>true</executable>
         <run_address>0x2648</run_address>
         <size>0x18</size>
         <alignment>0x4</alignment>
         <input_file_ref idref="fl-2"/>
      </object_component>
      <object_component id="oc-18f">
         <name>.text.DL_GPIO_enablePower</name>
         <load_address>0x2660</load_address>
         <readonly>true</readonly>
         <executable>true</executable>
         <run_address>0x2660</run_address>
         <size>0x18</size>
         <alignment>0x4</alignment>
         <input_file_ref idref="fl-2"/>
      </object_component>
      <object_component id="oc-194">
         <name>.text.DL_GPIO_initDigitalOutput</name>
         <load_address>0x2678</load_address>
         <readonly>true</readonly>
         <executable>true</executable>
         <run_address>0x2678</run_address>
         <size>0x18</size>
         <alignment>0x4</alignment>
         <input_file_ref idref="fl-2"/>
      </object_component>
      <object_component id="oc-18c">
         <name>.text.DL_GPIO_reset</name>
         <load_address>0x2690</load_address>
         <readonly>true</readonly>
         <executable>true</executable>
         <run_address>0x2690</run_address>
         <size>0x18</size>
         <alignment>0x4</alignment>
         <input_file_ref idref="fl-2"/>
      </object_component>
      <object_component id="oc-10a">
         <name>.text.DL_GPIO_setPins</name>
         <load_address>0x26a8</load_address>
         <readonly>true</readonly>
         <executable>true</executable>
         <run_address>0x26a8</run_address>
         <size>0x18</size>
         <alignment>0x4</alignment>
         <input_file_ref idref="fl-1"/>
      </object_component>
      <object_component id="oc-198">
         <name>.text.DL_SYSCTL_setBORThreshold</name>
         <load_address>0x26c0</load_address>
         <readonly>true</readonly>
         <executable>true</executable>
         <run_address>0x26c0</run_address>
         <size>0x18</size>
         <alignment>0x4</alignment>
         <input_file_ref idref="fl-2"/>
      </object_component>
      <object_component id="oc-190">
         <name>.text.DL_Timer_enablePower</name>
         <load_address>0x26d8</load_address>
         <readonly>true</readonly>
         <executable>true</executable>
         <run_address>0x26d8</run_address>
         <size>0x18</size>
         <alignment>0x4</alignment>
         <input_file_ref idref="fl-2"/>
      </object_component>
      <object_component id="oc-18d">
         <name>.text.DL_Timer_reset</name>
         <load_address>0x26f0</load_address>
         <readonly>true</readonly>
         <executable>true</executable>
         <run_address>0x26f0</run_address>
         <size>0x18</size>
         <alignment>0x4</alignment>
         <input_file_ref idref="fl-2"/>
      </object_component>
      <object_component id="oc-db">
         <name>.text.DL_Timer_startCounter</name>
         <load_address>0x2708</load_address>
         <readonly>true</readonly>
         <executable>true</executable>
         <run_address>0x2708</run_address>
         <size>0x18</size>
         <alignment>0x4</alignment>
         <input_file_ref idref="fl-1"/>
      </object_component>
      <object_component id="oc-191">
         <name>.text.DL_UART_enablePower</name>
         <load_address>0x2720</load_address>
         <readonly>true</readonly>
         <executable>true</executable>
         <run_address>0x2720</run_address>
         <size>0x18</size>
         <alignment>0x4</alignment>
         <input_file_ref idref="fl-2"/>
      </object_component>
      <object_component id="oc-186">
         <name>.text.DL_UART_isBusy</name>
         <load_address>0x2738</load_address>
         <readonly>true</readonly>
         <executable>true</executable>
         <run_address>0x2738</run_address>
         <size>0x18</size>
         <alignment>0x4</alignment>
         <input_file_ref idref="fl-4"/>
      </object_component>
      <object_component id="oc-5e">
         <name>.text.DL_UART_isRXFIFOEmpty</name>
         <load_address>0x2750</load_address>
         <readonly>true</readonly>
         <executable>true</executable>
         <run_address>0x2750</run_address>
         <size>0x18</size>
         <alignment>0x4</alignment>
         <input_file_ref idref="fl-1"/>
      </object_component>
      <object_component id="oc-18e">
         <name>.text.DL_UART_reset</name>
         <load_address>0x2768</load_address>
         <readonly>true</readonly>
         <executable>true</executable>
         <run_address>0x2768</run_address>
         <size>0x18</size>
         <alignment>0x4</alignment>
         <input_file_ref idref="fl-2"/>
      </object_component>
      <object_component id="oc-9a">
         <name>.text.DL_GPIO_readPins</name>
         <load_address>0x2780</load_address>
         <readonly>true</readonly>
         <executable>true</executable>
         <run_address>0x2780</run_address>
         <size>0x16</size>
         <alignment>0x2</alignment>
         <input_file_ref idref="fl-1"/>
      </object_component>
      <object_component id="oc-1b2">
         <name>.text.DL_UART_enable</name>
         <load_address>0x2796</load_address>
         <readonly>true</readonly>
         <executable>true</executable>
         <run_address>0x2796</run_address>
         <size>0x16</size>
         <alignment>0x2</alignment>
         <input_file_ref idref="fl-2"/>
      </object_component>
      <object_component id="oc-185">
         <name>.text.DL_UART_transmitData</name>
         <load_address>0x27ac</load_address>
         <readonly>true</readonly>
         <executable>true</executable>
         <run_address>0x27ac</run_address>
         <size>0x16</size>
         <alignment>0x2</alignment>
         <input_file_ref idref="fl-4"/>
      </object_component>
      <object_component id="oc-4e">
         <name>.text:decompress:ZI:__TI_zero_init_nomemset</name>
         <load_address>0x27c2</load_address>
         <readonly>true</readonly>
         <executable>true</executable>
         <run_address>0x27c2</run_address>
         <size>0x16</size>
         <alignment>0x2</alignment>
         <input_file_ref idref="fl-29"/>
      </object_component>
      <object_component id="oc-109">
         <name>.text.DL_GPIO_clearPins</name>
         <load_address>0x27d8</load_address>
         <readonly>true</readonly>
         <executable>true</executable>
         <run_address>0x27d8</run_address>
         <size>0x14</size>
         <alignment>0x2</alignment>
         <input_file_ref idref="fl-1"/>
      </object_component>
      <object_component id="oc-196">
         <name>.text.DL_GPIO_clearPins</name>
         <load_address>0x27ec</load_address>
         <readonly>true</readonly>
         <executable>true</executable>
         <run_address>0x27ec</run_address>
         <size>0x14</size>
         <alignment>0x2</alignment>
         <input_file_ref idref="fl-2"/>
      </object_component>
      <object_component id="oc-19b">
         <name>.text.DL_SYSCTL_disableSYSPLL</name>
         <load_address>0x2800</load_address>
         <readonly>true</readonly>
         <executable>true</executable>
         <run_address>0x2800</run_address>
         <size>0x14</size>
         <alignment>0x4</alignment>
         <input_file_ref idref="fl-2"/>
      </object_component>
      <object_component id="oc-1a5">
         <name>.text.DL_Timer_enableClock</name>
         <load_address>0x2814</load_address>
         <readonly>true</readonly>
         <executable>true</executable>
         <run_address>0x2814</run_address>
         <size>0x14</size>
         <alignment>0x4</alignment>
         <input_file_ref idref="fl-2"/>
      </object_component>
      <object_component id="oc-5f">
         <name>.text.DL_UART_receiveData</name>
         <load_address>0x2828</load_address>
         <readonly>true</readonly>
         <executable>true</executable>
         <run_address>0x2828</run_address>
         <size>0x14</size>
         <alignment>0x4</alignment>
         <input_file_ref idref="fl-1"/>
      </object_component>
      <object_component id="oc-10c">
         <name>.text.Motor_stop_X</name>
         <load_address>0x283c</load_address>
         <readonly>true</readonly>
         <executable>true</executable>
         <run_address>0x283c</run_address>
         <size>0x14</size>
         <alignment>0x4</alignment>
         <input_file_ref idref="fl-4"/>
      </object_component>
      <object_component id="oc-9d">
         <name>.text.Motor_stop_XY</name>
         <load_address>0x2850</load_address>
         <readonly>true</readonly>
         <executable>true</executable>
         <run_address>0x2850</run_address>
         <size>0x14</size>
         <alignment>0x2</alignment>
         <input_file_ref idref="fl-4"/>
      </object_component>
      <object_component id="oc-111">
         <name>.text.Motor_stop_Y</name>
         <load_address>0x2864</load_address>
         <readonly>true</readonly>
         <executable>true</executable>
         <run_address>0x2864</run_address>
         <size>0x14</size>
         <alignment>0x4</alignment>
         <input_file_ref idref="fl-4"/>
      </object_component>
      <object_component id="oc-65">
         <name>.text.DL_Timer_getPendingInterrupt</name>
         <load_address>0x2878</load_address>
         <readonly>true</readonly>
         <executable>true</executable>
         <run_address>0x2878</run_address>
         <size>0x12</size>
         <alignment>0x2</alignment>
         <input_file_ref idref="fl-1"/>
      </object_component>
      <object_component id="oc-1a8">
         <name>.text.DL_UART_setClockConfig</name>
         <load_address>0x288a</load_address>
         <readonly>true</readonly>
         <executable>true</executable>
         <run_address>0x288a</run_address>
         <size>0x12</size>
         <alignment>0x2</alignment>
         <input_file_ref idref="fl-15"/>
      </object_component>
      <object_component id="oc-9c">
         <name>.text.pid_reset</name>
         <load_address>0x289c</load_address>
         <readonly>true</readonly>
         <executable>true</executable>
         <run_address>0x289c</run_address>
         <size>0x12</size>
         <alignment>0x2</alignment>
         <input_file_ref idref="fl-1"/>
      </object_component>
      <object_component id="oc-c7">
         <name>.text:TI_memcpy_small</name>
         <load_address>0x28ae</load_address>
         <readonly>true</readonly>
         <executable>true</executable>
         <run_address>0x28ae</run_address>
         <size>0x12</size>
         <alignment>0x1</alignment>
         <input_file_ref idref="fl-a0"/>
      </object_component>
      <object_component id="oc-20">
         <name>.text:decompress:none</name>
         <load_address>0x28c0</load_address>
         <readonly>true</readonly>
         <executable>true</executable>
         <run_address>0x28c0</run_address>
         <size>0x12</size>
         <alignment>0x2</alignment>
         <input_file_ref idref="fl-2a"/>
      </object_component>
      <object_component id="oc-19a">
         <name>.text.DL_SYSCTL_disableHFXT</name>
         <load_address>0x28d4</load_address>
         <readonly>true</readonly>
         <executable>true</executable>
         <run_address>0x28d4</run_address>
         <size>0x10</size>
         <alignment>0x4</alignment>
         <input_file_ref idref="fl-2"/>
      </object_component>
      <object_component id="oc-10d">
         <name>.text.DL_Common_delayCycles</name>
         <load_address>0x28e4</load_address>
         <readonly>true</readonly>
         <executable>true</executable>
         <run_address>0x28e4</run_address>
         <size>0xa</size>
         <alignment>0x2</alignment>
         <input_file_ref idref="fl-13"/>
      </object_component>
      <object_component id="oc-67">
         <name>.text.Laser_Off</name>
         <load_address>0x28ee</load_address>
         <readonly>true</readonly>
         <executable>true</executable>
         <run_address>0x28ee</run_address>
         <size>0xa</size>
         <alignment>0x2</alignment>
         <input_file_ref idref="fl-1"/>
      </object_component>
      <object_component id="oc-bb">
         <name>.text.Laser_On</name>
         <load_address>0x28f8</load_address>
         <readonly>true</readonly>
         <executable>true</executable>
         <run_address>0x28f8</run_address>
         <size>0xa</size>
         <alignment>0x2</alignment>
         <input_file_ref idref="fl-1"/>
      </object_component>
      <object_component id="oc-116">
         <name>.text.Motor_read_realtime_position_Y</name>
         <load_address>0x2902</load_address>
         <readonly>true</readonly>
         <executable>true</executable>
         <run_address>0x2902</run_address>
         <size>0xa</size>
         <alignment>0x2</alignment>
         <input_file_ref idref="fl-4"/>
      </object_component>
      <object_component id="oc-47">
         <name>.text.__aeabi_memcpy</name>
         <load_address>0x290c</load_address>
         <readonly>true</readonly>
         <executable>true</executable>
         <run_address>0x290c</run_address>
         <size>0x8</size>
         <alignment>0x4</alignment>
         <input_file_ref idref="fl-9a"/>
      </object_component>
      <object_component id="oc-33">
         <name>.text.Default_Handler</name>
         <load_address>0x2914</load_address>
         <readonly>true</readonly>
         <executable>true</executable>
         <run_address>0x2914</run_address>
         <size>0x4</size>
         <alignment>0x2</alignment>
         <input_file_ref idref="fl-3"/>
      </object_component>
      <object_component id="oc-2f">
         <name>.text.Reset_Handler</name>
         <load_address>0x2918</load_address>
         <readonly>true</readonly>
         <executable>true</executable>
         <run_address>0x2918</run_address>
         <size>0x4</size>
         <alignment>0x2</alignment>
         <input_file_ref idref="fl-3"/>
      </object_component>
      <object_component id="oc-77">
         <name>.text._system_pre_init</name>
         <load_address>0x291c</load_address>
         <readonly>true</readonly>
         <executable>true</executable>
         <run_address>0x291c</run_address>
         <size>0x4</size>
         <alignment>0x2</alignment>
         <input_file_ref idref="fl-27"/>
      </object_component>
      <object_component id="oc-dc">
         <name>.text:abort</name>
         <load_address>0x2920</load_address>
         <readonly>true</readonly>
         <executable>true</executable>
         <run_address>0x2920</run_address>
         <size>0x4</size>
         <alignment>0x2</alignment>
         <input_file_ref idref="fl-2c"/>
      </object_component>
      <object_component id="oc-214">
         <name>.cinit..data.load</name>
         <load_address>0x2980</load_address>
         <readonly>true</readonly>
         <run_address>0x2980</run_address>
         <size>0x41</size>
         <alignment>0x1</alignment>
      </object_component>
      <object_component id="oc-212">
         <name>__TI_handler_table</name>
         <load_address>0x29c4</load_address>
         <readonly>true</readonly>
         <run_address>0x29c4</run_address>
         <size>0xc</size>
         <alignment>0x4</alignment>
      </object_component>
      <object_component id="oc-215">
         <name>.cinit..bss.load</name>
         <load_address>0x29d0</load_address>
         <readonly>true</readonly>
         <run_address>0x29d0</run_address>
         <size>0x8</size>
         <alignment>0x4</alignment>
      </object_component>
      <object_component id="oc-213">
         <name>__TI_cinit_table</name>
         <load_address>0x29d8</load_address>
         <readonly>true</readonly>
         <run_address>0x29d8</run_address>
         <size>0x10</size>
         <alignment>0x4</alignment>
      </object_component>
      <object_component id="oc-c0">
         <name>.rodata.ecg_wave_points</name>
         <load_address>0x2928</load_address>
         <readonly>true</readonly>
         <run_address>0x2928</run_address>
         <size>0x18</size>
         <alignment>0x1</alignment>
         <input_file_ref idref="fl-1"/>
      </object_component>
      <object_component id="oc-1a7">
         <name>.rodata.gCONTROL_TIMERTimerConfig</name>
         <load_address>0x2940</load_address>
         <readonly>true</readonly>
         <run_address>0x2940</run_address>
         <size>0x14</size>
         <alignment>0x4</alignment>
         <input_file_ref idref="fl-2"/>
      </object_component>
      <object_component id="oc-1b4">
         <name>.rodata.gUART_0Config</name>
         <load_address>0x2954</load_address>
         <readonly>true</readonly>
         <run_address>0x2954</run_address>
         <size>0xa</size>
         <alignment>0x2</alignment>
         <input_file_ref idref="fl-2"/>
      </object_component>
      <object_component id="oc-1b6">
         <name>.rodata.gUART_1Config</name>
         <load_address>0x295e</load_address>
         <readonly>true</readonly>
         <run_address>0x295e</run_address>
         <size>0xa</size>
         <alignment>0x2</alignment>
         <input_file_ref idref="fl-2"/>
      </object_component>
      <object_component id="oc-1b8">
         <name>.rodata.gUART_2Config</name>
         <load_address>0x2968</load_address>
         <readonly>true</readonly>
         <run_address>0x2968</run_address>
         <size>0xa</size>
         <alignment>0x2</alignment>
         <input_file_ref idref="fl-2"/>
      </object_component>
      <object_component id="oc-1a6">
         <name>.rodata.gCONTROL_TIMERClockConfig</name>
         <load_address>0x2972</load_address>
         <readonly>true</readonly>
         <run_address>0x2972</run_address>
         <size>0x3</size>
         <alignment>0x1</alignment>
         <input_file_ref idref="fl-2"/>
      </object_component>
      <object_component id="oc-1b3">
         <name>.rodata.gUART_0ClockConfig</name>
         <load_address>0x2975</load_address>
         <readonly>true</readonly>
         <run_address>0x2975</run_address>
         <size>0x2</size>
         <alignment>0x1</alignment>
         <input_file_ref idref="fl-2"/>
      </object_component>
      <object_component id="oc-1b5">
         <name>.rodata.gUART_1ClockConfig</name>
         <load_address>0x2977</load_address>
         <readonly>true</readonly>
         <run_address>0x2977</run_address>
         <size>0x2</size>
         <alignment>0x1</alignment>
         <input_file_ref idref="fl-2"/>
      </object_component>
      <object_component id="oc-1b7">
         <name>.rodata.gUART_2ClockConfig</name>
         <load_address>0x2979</load_address>
         <readonly>true</readonly>
         <run_address>0x2979</run_address>
         <size>0x2</size>
         <alignment>0x1</alignment>
         <input_file_ref idref="fl-2"/>
      </object_component>
      <object_component id="oc-1dc">
         <name>.binit</name>
         <load_address>0x0</load_address>
         <readonly>true</readonly>
         <run_address>0x0</run_address>
         <size>0x0</size>
         <alignment>0x4</alignment>
      </object_component>
      <object_component id="oc-94">
         <name>.data.rx_idx</name>
         <load_address>0x20200122</load_address>
         <readwrite>true</readwrite>
         <run_address>0x20200122</run_address>
         <size>0x1</size>
         <alignment>0x1</alignment>
         <input_file_ref idref="fl-1"/>
      </object_component>
      <object_component id="oc-97">
         <name>.data.rx_finish</name>
         <load_address>0x20200121</load_address>
         <readwrite>true</readwrite>
         <run_address>0x20200121</run_address>
         <size>0x1</size>
         <alignment>0x1</alignment>
         <input_file_ref idref="fl-1"/>
      </object_component>
      <object_component id="oc-8f">
         <name>.data.imu_rx_idx</name>
         <load_address>0x2020011b</load_address>
         <readwrite>true</readwrite>
         <run_address>0x2020011b</run_address>
         <size>0x1</size>
         <alignment>0x1</alignment>
         <input_file_ref idref="fl-1"/>
      </object_component>
      <object_component id="oc-91">
         <name>.data.imu_rx_finish</name>
         <load_address>0x2020011a</load_address>
         <readwrite>true</readwrite>
         <run_address>0x2020011a</run_address>
         <size>0x1</size>
         <alignment>0x1</alignment>
         <input_file_ref idref="fl-1"/>
      </object_component>
      <object_component id="oc-11c">
         <name>.data.err_x</name>
         <load_address>0x202000f2</load_address>
         <readwrite>true</readwrite>
         <run_address>0x202000f2</run_address>
         <size>0x2</size>
         <alignment>0x2</alignment>
         <input_file_ref idref="fl-1"/>
      </object_component>
      <object_component id="oc-11d">
         <name>.data.err_y</name>
         <load_address>0x202000f4</load_address>
         <readwrite>true</readwrite>
         <run_address>0x202000f4</run_address>
         <size>0x2</size>
         <alignment>0x2</alignment>
         <input_file_ref idref="fl-1"/>
      </object_component>
      <object_component id="oc-11e">
         <name>.data.valid</name>
         <load_address>0x20200128</load_address>
         <readwrite>true</readwrite>
         <run_address>0x20200128</run_address>
         <size>0x1</size>
         <alignment>0x1</alignment>
         <input_file_ref idref="fl-1"/>
      </object_component>
      <object_component id="oc-11b">
         <name>.data.sum_calc</name>
         <load_address>0x20200123</load_address>
         <readwrite>true</readwrite>
         <run_address>0x20200123</run_address>
         <size>0x1</size>
         <alignment>0x1</alignment>
         <input_file_ref idref="fl-1"/>
      </object_component>
      <object_component id="oc-11f">
         <name>.data.vision_frame_ok</name>
         <load_address>0x20200129</load_address>
         <readwrite>true</readwrite>
         <run_address>0x20200129</run_address>
         <size>0x1</size>
         <alignment>0x1</alignment>
         <input_file_ref idref="fl-1"/>
      </object_component>
      <object_component id="oc-120">
         <name>.data.vision_frame_count</name>
         <load_address>0x202000c0</load_address>
         <readwrite>true</readwrite>
         <run_address>0x202000c0</run_address>
         <size>0x4</size>
         <alignment>0x4</alignment>
         <input_file_ref idref="fl-1"/>
      </object_component>
      <object_component id="oc-121">
         <name>.data.vision_checksum_error_count</name>
         <load_address>0x202000bc</load_address>
         <readwrite>true</readwrite>
         <run_address>0x202000bc</run_address>
         <size>0x4</size>
         <alignment>0x4</alignment>
         <input_file_ref idref="fl-1"/>
      </object_component>
      <object_component id="oc-122">
         <name>.data.vision_header_error_count</name>
         <load_address>0x202000c4</load_address>
         <readwrite>true</readwrite>
         <run_address>0x202000c4</run_address>
         <size>0x4</size>
         <alignment>0x4</alignment>
         <input_file_ref idref="fl-1"/>
      </object_component>
      <object_component id="oc-a3">
         <name>.data.vision_speed_x</name>
         <load_address>0x20200104</load_address>
         <readwrite>true</readwrite>
         <run_address>0x20200104</run_address>
         <size>0x2</size>
         <alignment>0x2</alignment>
         <input_file_ref idref="fl-1"/>
      </object_component>
      <object_component id="oc-a4">
         <name>.data.vision_speed_y</name>
         <load_address>0x20200106</load_address>
         <readwrite>true</readwrite>
         <run_address>0x20200106</run_address>
         <size>0x2</size>
         <alignment>0x2</alignment>
         <input_file_ref idref="fl-1"/>
      </object_component>
      <object_component id="oc-a2">
         <name>.data.gyro_speed_x</name>
         <load_address>0x202000fa</load_address>
         <readwrite>true</readwrite>
         <run_address>0x202000fa</run_address>
         <size>0x2</size>
         <alignment>0x2</alignment>
         <input_file_ref idref="fl-1"/>
      </object_component>
      <object_component id="oc-a5">
         <name>.data.final_speed_x</name>
         <load_address>0x202000f6</load_address>
         <readwrite>true</readwrite>
         <run_address>0x202000f6</run_address>
         <size>0x2</size>
         <alignment>0x2</alignment>
         <input_file_ref idref="fl-1"/>
      </object_component>
      <object_component id="oc-a6">
         <name>.data.final_speed_y</name>
         <load_address>0x202000f8</load_address>
         <readwrite>true</readwrite>
         <run_address>0x202000f8</run_address>
         <size>0x2</size>
         <alignment>0x2</alignment>
         <input_file_ref idref="fl-1"/>
      </object_component>
      <object_component id="oc-16c">
         <name>.data.gimbal_x_target_yaw_deg</name>
         <load_address>0x20200070</load_address>
         <readwrite>true</readwrite>
         <run_address>0x20200070</run_address>
         <size>0x4</size>
         <alignment>0x4</alignment>
         <input_file_ref idref="fl-1"/>
      </object_component>
      <object_component id="oc-16d">
         <name>.data.gimbal_x_base_yaw_deg</name>
         <load_address>0x2020006c</load_address>
         <readwrite>true</readwrite>
         <run_address>0x2020006c</run_address>
         <size>0x4</size>
         <alignment>0x4</alignment>
         <input_file_ref idref="fl-1"/>
      </object_component>
      <object_component id="oc-16e">
         <name>.data.gimbal_x_vision_target_offset_deg</name>
         <load_address>0x20200074</load_address>
         <readwrite>true</readwrite>
         <run_address>0x20200074</run_address>
         <size>0x4</size>
         <alignment>0x4</alignment>
         <input_file_ref idref="fl-1"/>
      </object_component>
      <object_component id="oc-ac">
         <name>.data.gimbal_x_yaw_error_deg</name>
         <load_address>0x20200078</load_address>
         <readwrite>true</readwrite>
         <run_address>0x20200078</run_address>
         <size>0x4</size>
         <alignment>0x4</alignment>
         <input_file_ref idref="fl-1"/>
      </object_component>
      <object_component id="oc-ab">
         <name>.data.gimbal_x_yaw_target_locked</name>
         <load_address>0x20200119</load_address>
         <readwrite>true</readwrite>
         <run_address>0x20200119</run_address>
         <size>0x1</size>
         <alignment>0x1</alignment>
         <input_file_ref idref="fl-1"/>
      </object_component>
      <object_component id="oc-92">
         <name>.data.uart0_last_byte</name>
         <load_address>0x20200126</load_address>
         <readwrite>true</readwrite>
         <run_address>0x20200126</run_address>
         <size>0x1</size>
         <alignment>0x1</alignment>
         <input_file_ref idref="fl-1"/>
      </object_component>
      <object_component id="oc-93">
         <name>.data.uart0_rx_count</name>
         <load_address>0x202000b0</load_address>
         <readwrite>true</readwrite>
         <run_address>0x202000b0</run_address>
         <size>0x4</size>
         <alignment>0x4</alignment>
         <input_file_ref idref="fl-1"/>
      </object_component>
      <object_component id="oc-96">
         <name>.data.uart0_raw_frame_count</name>
         <load_address>0x202000ac</load_address>
         <readwrite>true</readwrite>
         <run_address>0x202000ac</run_address>
         <size>0x4</size>
         <alignment>0x4</alignment>
         <input_file_ref idref="fl-1"/>
      </object_component>
      <object_component id="oc-99">
         <name>.data.uart0_drop_count</name>
         <load_address>0x202000a4</load_address>
         <readwrite>true</readwrite>
         <run_address>0x202000a4</run_address>
         <size>0x4</size>
         <alignment>0x4</alignment>
         <input_file_ref idref="fl-1"/>
      </object_component>
      <object_component id="oc-8d">
         <name>.data.uart2_last_byte</name>
         <load_address>0x20200127</load_address>
         <readwrite>true</readwrite>
         <run_address>0x20200127</run_address>
         <size>0x1</size>
         <alignment>0x1</alignment>
         <input_file_ref idref="fl-1"/>
      </object_component>
      <object_component id="oc-8e">
         <name>.data.uart2_rx_count</name>
         <load_address>0x202000b8</load_address>
         <readwrite>true</readwrite>
         <run_address>0x202000b8</run_address>
         <size>0x4</size>
         <alignment>0x4</alignment>
         <input_file_ref idref="fl-1"/>
      </object_component>
      <object_component id="oc-114">
         <name>.data.uart0_poll_count</name>
         <load_address>0x202000a8</load_address>
         <readwrite>true</readwrite>
         <run_address>0x202000a8</run_address>
         <size>0x4</size>
         <alignment>0x4</alignment>
         <input_file_ref idref="fl-1"/>
      </object_component>
      <object_component id="oc-115">
         <name>.data.uart2_poll_count</name>
         <load_address>0x202000b4</load_address>
         <readwrite>true</readwrite>
         <run_address>0x202000b4</run_address>
         <size>0x4</size>
         <alignment>0x4</alignment>
         <input_file_ref idref="fl-1"/>
      </object_component>
      <object_component id="oc-12a">
         <name>.data.imu_frame_count</name>
         <load_address>0x20200080</load_address>
         <readwrite>true</readwrite>
         <run_address>0x20200080</run_address>
         <size>0x4</size>
         <alignment>0x4</alignment>
         <input_file_ref idref="fl-1"/>
      </object_component>
      <object_component id="oc-12b">
         <name>.data.imu_checksum_error_count</name>
         <load_address>0x2020007c</load_address>
         <readwrite>true</readwrite>
         <run_address>0x2020007c</run_address>
         <size>0x4</size>
         <alignment>0x4</alignment>
         <input_file_ref idref="fl-1"/>
      </object_component>
      <object_component id="oc-172">
         <name>.data.vision_motor_update_count</name>
         <load_address>0x202000c8</load_address>
         <readwrite>true</readwrite>
         <run_address>0x202000c8</run_address>
         <size>0x4</size>
         <alignment>0x4</alignment>
         <input_file_ref idref="fl-1"/>
      </object_component>
      <object_component id="oc-12f">
         <name>.data.vision_timeout_stop</name>
         <load_address>0x2020012a</load_address>
         <readwrite>true</readwrite>
         <run_address>0x2020012a</run_address>
         <size>0x1</size>
         <alignment>0x1</alignment>
         <input_file_ref idref="fl-1"/>
      </object_component>
      <object_component id="oc-6c">
         <name>.data.control_timer_tick_count</name>
         <load_address>0x20200064</load_address>
         <readwrite>true</readwrite>
         <run_address>0x20200064</run_address>
         <size>0x4</size>
         <alignment>0x4</alignment>
         <input_file_ref idref="fl-1"/>
      </object_component>
      <object_component id="oc-10b">
         <name>.data.laser_state</name>
         <load_address>0x2020011c</load_address>
         <readwrite>true</readwrite>
         <run_address>0x2020011c</run_address>
         <size>0x1</size>
         <alignment>0x1</alignment>
         <input_file_ref idref="fl-1"/>
      </object_component>
      <object_component id="oc-6d">
         <name>.data.app_mode</name>
         <load_address>0x20200061</load_address>
         <readwrite>true</readwrite>
         <run_address>0x20200061</run_address>
         <size>0x1</size>
         <alignment>0x1</alignment>
         <input_file_ref idref="fl-1"/>
      </object_component>
      <object_component id="oc-c1">
         <name>.data.ecg_step_count</name>
         <load_address>0x20200068</load_address>
         <readwrite>true</readwrite>
         <run_address>0x20200068</run_address>
         <size>0x4</size>
         <alignment>0x4</alignment>
         <input_file_ref idref="fl-1"/>
      </object_component>
      <object_component id="oc-bf">
         <name>.data.ecg_point_index</name>
         <load_address>0x202000f0</load_address>
         <readwrite>true</readwrite>
         <run_address>0x202000f0</run_address>
         <size>0x2</size>
         <alignment>0x2</alignment>
         <input_file_ref idref="fl-1"/>
      </object_component>
      <object_component id="oc-c2">
         <name>.data.ecg_cycle_count</name>
         <load_address>0x20200116</load_address>
         <readwrite>true</readwrite>
         <run_address>0x20200116</run_address>
         <size>0x1</size>
         <alignment>0x1</alignment>
         <input_file_ref idref="fl-1"/>
      </object_component>
      <object_component id="oc-bd">
         <name>.data.ecg_draw_done</name>
         <load_address>0x20200117</load_address>
         <readwrite>true</readwrite>
         <run_address>0x20200117</run_address>
         <size>0x1</size>
         <alignment>0x1</alignment>
         <input_file_ref idref="fl-1"/>
      </object_component>
      <object_component id="oc-be">
         <name>.data.ecg_interval_ms</name>
         <load_address>0x20200062</load_address>
         <readwrite>true</readwrite>
         <run_address>0x20200062</run_address>
         <size>0x2</size>
         <alignment>0x2</alignment>
         <input_file_ref idref="fl-1"/>
      </object_component>
      <object_component id="oc-132">
         <name>.data.tracking_motor_update_count</name>
         <load_address>0x2020009c</load_address>
         <readwrite>true</readwrite>
         <run_address>0x2020009c</run_address>
         <size>0x4</size>
         <alignment>0x4</alignment>
         <input_file_ref idref="fl-1"/>
      </object_component>
      <object_component id="oc-c6">
         <name>.data.motor_test_step_count</name>
         <load_address>0x2020008c</load_address>
         <readwrite>true</readwrite>
         <run_address>0x2020008c</run_address>
         <size>0x4</size>
         <alignment>0x4</alignment>
         <input_file_ref idref="fl-1"/>
      </object_component>
      <object_component id="oc-b7">
         <name>.data.tracking_no_input_ms</name>
         <load_address>0x202000a0</load_address>
         <readwrite>true</readwrite>
         <run_address>0x202000a0</run_address>
         <size>0x4</size>
         <alignment>0x4</alignment>
         <input_file_ref idref="fl-1"/>
      </object_component>
      <object_component id="oc-b8">
         <name>.data.tracking_no_input_test_active</name>
         <load_address>0x20200125</load_address>
         <readwrite>true</readwrite>
         <run_address>0x20200125</run_address>
         <size>0x1</size>
         <alignment>0x1</alignment>
         <input_file_ref idref="fl-1"/>
      </object_component>
      <object_component id="oc-179">
         <name>.data.y_soft_position</name>
         <load_address>0x202000e8</load_address>
         <readwrite>true</readwrite>
         <run_address>0x202000e8</run_address>
         <size>0x4</size>
         <alignment>0x4</alignment>
         <input_file_ref idref="fl-1"/>
      </object_component>
      <object_component id="oc-17b">
         <name>.data.y_soft_limited_speed</name>
         <load_address>0x20200114</load_address>
         <readwrite>true</readwrite>
         <run_address>0x20200114</run_address>
         <size>0x2</size>
         <alignment>0x2</alignment>
         <input_file_ref idref="fl-1"/>
      </object_component>
      <object_component id="oc-178">
         <name>.data.y_soft_limit_state</name>
         <load_address>0x2020012e</load_address>
         <readwrite>true</readwrite>
         <run_address>0x2020012e</run_address>
         <size>0x1</size>
         <alignment>0x1</alignment>
         <input_file_ref idref="fl-1"/>
      </object_component>
      <object_component id="oc-17a">
         <name>.data.y_soft_limit_hit_count</name>
         <load_address>0x202000e4</load_address>
         <readwrite>true</readwrite>
         <run_address>0x202000e4</run_address>
         <size>0x4</size>
         <alignment>0x4</alignment>
         <input_file_ref idref="fl-1"/>
      </object_component>
      <object_component id="oc-87">
         <name>.data.motor_uart1_last_byte</name>
         <load_address>0x20200120</load_address>
         <readwrite>true</readwrite>
         <run_address>0x20200120</run_address>
         <size>0x1</size>
         <alignment>0x1</alignment>
         <input_file_ref idref="fl-1"/>
      </object_component>
      <object_component id="oc-88">
         <name>.data.motor_uart1_rx_count</name>
         <load_address>0x20200098</load_address>
         <readwrite>true</readwrite>
         <run_address>0x20200098</run_address>
         <size>0x4</size>
         <alignment>0x4</alignment>
         <input_file_ref idref="fl-1"/>
      </object_component>
      <object_component id="oc-118">
         <name>.data.y_position_query_count</name>
         <load_address>0x202000e0</load_address>
         <readwrite>true</readwrite>
         <run_address>0x202000e0</run_address>
         <size>0x4</size>
[...]
      </symbol>
      <symbol id="sm-15d">
         <name>uart0_poll_count</name>
         <value>0x202000a8</value>
         <object_component_ref idref="oc-114"/>
      </symbol>
      <symbol id="sm-15e">
         <name>uart2_poll_count</name>
         <value>0x202000b4</value>
         <object_component_ref idref="oc-115"/>
      </symbol>
      <symbol id="sm-15f">
         <name>y_position_query_count</name>
         <value>0x202000e0</value>
         <object_component_ref idref="oc-118"/>
      </symbol>
      <symbol id="sm-160">
         <name>sum_calc</name>
         <value>0x20200123</value>
         <object_component_ref idref="oc-11b"/>
      </symbol>
      <symbol id="sm-161">
         <name>err_x</name>
         <value>0x202000f2</value>
         <object_component_ref idref="oc-11c"/>
      </symbol>
      <symbol id="sm-162">
         <name>err_y</name>
         <value>0x202000f4</value>
         <object_component_ref idref="oc-11d"/>
      </symbol>
      <symbol id="sm-163">
         <name>valid</name>
         <value>0x20200128</value>
         <object_component_ref idref="oc-11e"/>
      </symbol>
      <symbol id="sm-164">
         <name>vision_frame_ok</name>
         <value>0x20200129</value>
         <object_component_ref idref="oc-11f"/>
      </symbol>
      <symbol id="sm-165">
         <name>vision_frame_count</name>
         <value>0x202000c0</value>
         <object_component_ref idref="oc-120"/>
      </symbol>
      <symbol id="sm-166">
         <name>vision_checksum_error_count</name>
         <value>0x202000bc</value>
         <object_component_ref idref="oc-121"/>
      </symbol>
      <symbol id="sm-167">
         <name>vision_header_error_count</name>
         <value>0x202000c4</value>
         <object_component_ref idref="oc-122"/>
      </symbol>
      <symbol id="sm-168">
         <name>vision_timeout_stop</name>
         <value>0x2020012a</value>
         <object_component_ref idref="oc-12f"/>
      </symbol>
      <symbol id="sm-169">
         <name>tracking_motor_update_count</name>
         <value>0x2020009c</value>
         <object_component_ref idref="oc-132"/>
      </symbol>
      <symbol id="sm-16a">
         <name>vision_motor_update_count</name>
         <value>0x202000c8</value>
         <object_component_ref idref="oc-172"/>
      </symbol>
      <symbol id="sm-16b">
         <name>y_soft_limit_state</name>
         <value>0x2020012e</value>
         <object_component_ref idref="oc-178"/>
      </symbol>
      <symbol id="sm-16c">
         <name>y_soft_position</name>
         <value>0x202000e8</value>
         <object_component_ref idref="oc-179"/>
      </symbol>
      <symbol id="sm-16d">
         <name>y_soft_limit_hit_count</name>
         <value>0x202000e4</value>
         <object_component_ref idref="oc-17a"/>
      </symbol>
      <symbol id="sm-16e">
         <name>y_soft_limited_speed</name>
         <value>0x20200114</value>
         <object_component_ref idref="oc-17b"/>
      </symbol>
      <symbol id="sm-16f">
         <name>y_position_limit_state</name>
         <value>0x2020012c</value>
         <object_component_ref idref="oc-17c"/>
      </symbol>
      <symbol id="sm-170">
         <name>y_position_limit_hit_count</name>
         <value>0x202000dc</value>
         <object_component_ref idref="oc-17d"/>
      </symbol>
      <symbol id="sm-1fa">
         <name>SYSCFG_DL_init</name>
         <value>0x23d5</value>
         <object_component_ref idref="oc-d1"/>
      </symbol>
      <symbol id="sm-1fb">
         <name>SYSCFG_DL_initPower</name>
         <value>0x17cd</value>
         <object_component_ref idref="oc-143"/>
      </symbol>
      <symbol id="sm-1fc">
         <name>SYSCFG_DL_GPIO_init</name>
         <value>0x1391</value>
         <object_component_ref idref="oc-144"/>
      </symbol>
      <symbol id="sm-1fd">
         <name>SYSCFG_DL_SYSCTL_init</name>
         <value>0x259f</value>
         <object_component_ref idref="oc-145"/>
      </symbol>
      <symbol id="sm-1fe">
         <name>SYSCFG_DL_CONTROL_TIMER_init</name>
         <value>0x20c9</value>
         <object_component_ref idref="oc-146"/>
      </symbol>
      <symbol id="sm-1ff">
         <name>SYSCFG_DL_UART_0_init</name>
         <value>0x1ee5</value>
         <object_component_ref idref="oc-147"/>
      </symbol>
      <symbol id="sm-200">
         <name>SYSCFG_DL_UART_1_init</name>
         <value>0x1f2d</value>
         <object_component_ref idref="oc-148"/>
      </symbol>
      <symbol id="sm-201">
         <name>SYSCFG_DL_UART_2_init</name>
         <value>0x1f75</value>
         <object_component_ref idref="oc-149"/>
      </symbol>
      <symbol id="sm-202">
         <name>gCONTROL_TIMERBackup</name>
         <value>0x20200130</value>
      </symbol>
      <symbol id="sm-20d">
         <name>Default_Handler</name>
         <value>0x2915</value>
         <object_component_ref idref="oc-33"/>
      </symbol>
      <symbol id="sm-20e">
         <name>Reset_Handler</name>
         <value>0x2919</value>
         <object_component_ref idref="oc-2f"/>
      </symbol>
      <symbol id="sm-20f">
         <name>interruptVectors</name>
         <value>0x0</value>
         <object_component_ref idref="oc-18"/>
      </symbol>
      <symbol id="sm-210">
         <name>NMI_Handler</name>
         <value>0x2915</value>
         <object_component_ref idref="oc-33"/>
      </symbol>
      <symbol id="sm-211">
         <name>HardFault_Handler</name>
         <value>0x2915</value>
         <object_component_ref idref="oc-33"/>
      </symbol>
      <symbol id="sm-212">
         <name>SVC_Handler</name>
         <value>0x2915</value>
         <object_component_ref idref="oc-33"/>
      </symbol>
      <symbol id="sm-213">
         <name>PendSV_Handler</name>
         <value>0x2915</value>
         <object_component_ref idref="oc-33"/>
      </symbol>
      <symbol id="sm-214">
         <name>SysTick_Handler</name>
         <value>0x2915</value>
         <object_component_ref idref="oc-33"/>
      </symbol>
      <symbol id="sm-215">
         <name>GROUP0_IRQHandler</name>
         <value>0x2915</value>
         <object_component_ref idref="oc-33"/>
      </symbol>
      <symbol id="sm-216">
         <name>GROUP1_IRQHandler</name>
         <value>0x2915</value>
         <object_component_ref idref="oc-33"/>
      </symbol>
      <symbol id="sm-217">
         <name>TIMG8_IRQHandler</name>
         <value>0x2915</value>
         <object_component_ref idref="oc-33"/>
      </symbol>
      <symbol id="sm-218">
         <name>UART3_IRQHandler</name>
         <value>0x2915</value>
         <object_component_ref idref="oc-33"/>
      </symbol>
      <symbol id="sm-219">
         <name>ADC0_IRQHandler</name>
         <value>0x2915</value>
         <object_component_ref idref="oc-33"/>
      </symbol>
      <symbol id="sm-21a">
         <name>ADC1_IRQHandler</name>
         <value>0x2915</value>
         <object_component_ref idref="oc-33"/>
      </symbol>
      <symbol id="sm-21b">
         <name>CANFD0_IRQHandler</name>
         <value>0x2915</value>
         <object_component_ref idref="oc-33"/>
      </symbol>
      <symbol id="sm-21c">
         <name>DAC0_IRQHandler</name>
         <value>0x2915</value>
         <object_component_ref idref="oc-33"/>
      </symbol>
      <symbol id="sm-21d">
         <name>SPI0_IRQHandler</name>
         <value>0x2915</value>
         <object_component_ref idref="oc-33"/>
      </symbol>
      <symbol id="sm-21e">
         <name>SPI1_IRQHandler</name>
         <value>0x2915</value>
         <object_component_ref idref="oc-33"/>
      </symbol>
      <symbol id="sm-21f">
         <name>TIMG0_IRQHandler</name>
         <value>0x2915</value>
         <object_component_ref idref="oc-33"/>
      </symbol>
      <symbol id="sm-220">
         <name>TIMG6_IRQHandler</name>
         <value>0x2915</value>
         <object_component_ref idref="oc-33"/>
      </symbol>
      <symbol id="sm-221">
         <name>TIMA1_IRQHandler</name>
         <value>0x2915</value>
         <object_component_ref idref="oc-33"/>
      </symbol>
      <symbol id="sm-222">
         <name>TIMG7_IRQHandler</name>
         <value>0x2915</value>
         <object_component_ref idref="oc-33"/>
      </symbol>
      <symbol id="sm-223">
         <name>TIMG12_IRQHandler</name>
         <value>0x2915</value>
         <object_component_ref idref="oc-33"/>
      </symbol>
      <symbol id="sm-224">
         <name>I2C0_IRQHandler</name>
         <value>0x2915</value>
         <object_component_ref idref="oc-33"/>
      </symbol>
      <symbol id="sm-225">
         <name>I2C1_IRQHandler</name>
         <value>0x2915</value>
         <object_component_ref idref="oc-33"/>
      </symbol>
      <symbol id="sm-226">
         <name>AES_IRQHandler</name>
         <value>0x2915</value>
         <object_component_ref idref="oc-33"/>
      </symbol>
      <symbol id="sm-227">
         <name>RTC_IRQHandler</name>
         <value>0x2915</value>
         <object_component_ref idref="oc-33"/>
      </symbol>
      <symbol id="sm-228">
         <name>DMA_IRQHandler</name>
         <value>0x2915</value>
         <object_component_ref idref="oc-33"/>
      </symbol>
      <symbol id="sm-267">
         <name>Motor_setspeed_X</name>
         <value>0x24fd</value>
         <object_component_ref idref="oc-b6"/>
      </symbol>
      <symbol id="sm-268">
         <name>motor_last_x_speed</name>
         <value>0x202000fc</value>
         <object_component_ref idref="oc-134"/>
      </symbol>
      <symbol id="sm-269">
         <name>motor_last_y_speed</name>
         <value>0x202000fe</value>
         <object_component_ref idref="oc-13b"/>
      </symbol>
      <symbol id="sm-26a">
         <name>Motor_setspeed_XY</name>
         <value>0x1931</value>
         <object_component_ref idref="oc-c3"/>
      </symbol>
      <symbol id="sm-26b">
         <name>motor_last_tx_len</name>
         <value>0x2020011d</value>
         <object_component_ref idref="oc-187"/>
      </symbol>
      <symbol id="sm-26c">
         <name>motor_last_tx_data</name>
         <value>0x20200054</value>
         <object_component_ref idref="oc-188"/>
      </symbol>
      <symbol id="sm-26d">
         <name>motor_tx_timeout_count</name>
         <value>0x20200094</value>
         <object_component_ref idref="oc-189"/>
      </symbol>
      <symbol id="sm-26e">
         <name>motor_tx_count</name>
         <value>0x20200090</value>
         <object_component_ref idref="oc-18a"/>
      </symbol>
      <symbol id="sm-26f">
         <name>Motor_read_realtime_position_Y</name>
         <value>0x2903</value>
         <object_component_ref idref="oc-116"/>
      </symbol>
      <symbol id="sm-270">
         <name>motor_last_x_position_pulses</name>
         <value>0x20200084</value>
         <object_component_ref idref="oc-136"/>
      </symbol>
      <symbol id="sm-271">
         <name>motor_last_y_position_pulses</name>
         <value>0x20200088</value>
         <object_component_ref idref="oc-137"/>
      </symbol>
      <symbol id="sm-272">
         <name>Motor_move_relative_XY</name>
         <value>0x1c9d</value>
         <object_component_ref idref="oc-bc"/>
      </symbol>
      <symbol id="sm-273">
         <name>Motor_stop_X</name>
         <value>0x283d</value>
         <object_component_ref idref="oc-10c"/>
      </symbol>
      <symbol id="sm-274">
         <name>Motor_stop_Y</name>
         <value>0x2865</value>
         <object_component_ref idref="oc-111"/>
      </symbol>
      <symbol id="sm-275">
         <name>Motor_stop_XY</name>
         <value>0x2851</value>
         <object_component_ref idref="oc-9d"/>
      </symbol>
      <symbol id="sm-277">
         <name>__TI_ATRegion0_src_addr</name>
         <value>0x0</value>
      </symbol>
      <symbol id="sm-278">
         <name>__TI_ATRegion0_trg_addr</name>
         <value>0x0</value>
      </symbol>
      <symbol id="sm-279">
         <name>__TI_ATRegion0_region_sz</name>
         <value>0x0</value>
      </symbol>
      <symbol id="sm-27a">
         <name>__TI_ATRegion1_src_addr</name>
         <value>0x0</value>
      </symbol>
      <symbol id="sm-27b">
         <name>__TI_ATRegion1_trg_addr</name>
         <value>0x0</value>
      </symbol>
      <symbol id="sm-27c">
         <name>__TI_ATRegion1_region_sz</name>
         <value>0x0</value>
      </symbol>
      <symbol id="sm-27d">
         <name>__TI_ATRegion2_src_addr</name>
         <value>0x0</value>
      </symbol>
      <symbol id="sm-27e">
         <name>__TI_ATRegion2_trg_addr</name>
         <value>0x0</value>
      </symbol>
      <symbol id="sm-27f">
         <name>__TI_ATRegion2_region_sz</name>
         <value>0x0</value>
      </symbol>
      <symbol id="sm-288">
         <name>DL_Common_delayCycles</name>
         <value>0x28e5</value>
         <object_component_ref idref="oc-10d"/>
      </symbol>
      <symbol id="sm-298">
         <name>DL_Timer_setClockConfig</name>
         <value>0x2611</value>
         <object_component_ref idref="oc-19c"/>
      </symbol>
      <symbol id="sm-299">
         <name>DL_Timer_initTimerMode</name>
         <value>0x961</value>
         <object_component_ref idref="oc-1a2"/>
      </symbol>
      <symbol id="sm-2a6">
         <name>DL_UART_init</name>
         <value>0x1e9d</value>
         <object_component_ref idref="oc-1ae"/>
      </symbol>
      <symbol id="sm-2a7">
         <name>DL_UART_setClockConfig</name>
         <value>0x288b</value>
         <object_component_ref idref="oc-1a8"/>
      </symbol>
      <symbol id="sm-2b2">
         <name>_c_int00_noargs</name>
         <value>0x24d5</value>
         <object_component_ref idref="oc-57"/>
      </symbol>
      <symbol id="sm-2b3">
         <name>__stack</name>
         <value>0x20207e00</value>
         <object_component_ref idref="oc-1a"/>
      </symbol>
      <symbol id="sm-2bf">
         <name>__TI_auto_init_nobinit_nopinit</name>
         <value>0x217d</value>
         <object_component_ref idref="oc-e3"/>
      </symbol>
      <symbol id="sm-2c7">
         <name>_system_pre_init</name>
         <value>0x291d</value>
         <object_component_ref idref="oc-77"/>
      </symbol>
      <symbol id="sm-2d2">
         <name>__TI_zero_init_nomemset</name>
         <value>0x27c3</value>
         <object_component_ref idref="oc-4e"/>
      </symbol>
      <symbol id="sm-2db">
         <name>__TI_decompress_none</name>
         <value>0x28c1</value>
         <object_component_ref idref="oc-20"/>
      </symbol>
      <symbol id="sm-2e6">
         <name>__TI_decompress_lzss</name>
         <value>0x1849</value>
         <object_component_ref idref="oc-1c"/>
      </symbol>
      <symbol id="sm-2f0">
         <name>abort</name>
         <value>0x2921</value>
         <object_component_ref idref="oc-dc"/>
      </symbol>
      <symbol id="sm-2f1">
         <name>C$$EXIT</name>
         <value>0x2920</value>
         <object_component_ref idref="oc-dc"/>
      </symbol>
      <symbol id="sm-2f9">
         <name>__aeabi_fadd</name>
         <value>0xa53</value>
         <object_component_ref idref="oc-17e"/>
      </symbol>
      <symbol id="sm-2fa">
         <name>__addsf3</name>
         <value>0xa53</value>
         <object_component_ref idref="oc-17e"/>
      </symbol>
      <symbol id="sm-2fb">
         <name>__aeabi_fsub</name>
         <value>0xa49</value>
         <object_component_ref idref="oc-17e"/>
      </symbol>
      <symbol id="sm-2fc">
         <name>__subsf3</name>
         <value>0xa49</value>
         <object_component_ref idref="oc-17e"/>
      </symbol>
      <symbol id="sm-302">
         <name>__aeabi_fmul</name>
         <value>0x141d</value>
         <object_component_ref idref="oc-f9"/>
      </symbol>
      <symbol id="sm-303">
         <name>__mulsf3</name>
         <value>0x141d</value>
         <object_component_ref idref="oc-f9"/>
      </symbol>
      <symbol id="sm-309">
         <name>__aeabi_fdiv</name>
         <value>0x16c9</value>
         <object_component_ref idref="oc-fd"/>
      </symbol>
      <symbol id="sm-30a">
         <name>__divsf3</name>
         <value>0x16c9</value>
         <object_component_ref idref="oc-fd"/>
      </symbol>
      <symbol id="sm-310">
         <name>__aeabi_f2iz</name>
         <value>0x2231</value>
         <object_component_ref idref="oc-101"/>
      </symbol>
      <symbol id="sm-311">
         <name>__fixsfsi</name>
         <value>0x2231</value>
         <object_component_ref idref="oc-101"/>
      </symbol>
      <symbol id="sm-317">
         <name>__aeabi_i2f</name>
         <value>0x2105</value>
         <object_component_ref idref="oc-f5"/>
      </symbol>
      <symbol id="sm-318">
         <name>__floatsisf</name>
         <value>0x2105</value>
         <object_component_ref idref="oc-f5"/>
      </symbol>
      <symbol id="sm-31e">
         <name>__aeabi_fcmpeq</name>
         <value>0x1ac1</value>
         <object_component_ref idref="oc-173"/>
      </symbol>
      <symbol id="sm-31f">
         <name>__aeabi_fcmplt</name>
         <value>0x1ad5</value>
         <object_component_ref idref="oc-173"/>
      </symbol>
      <symbol id="sm-320">
         <name>__aeabi_fcmple</name>
         <value>0x1ae9</value>
         <object_component_ref idref="oc-173"/>
      </symbol>
      <symbol id="sm-321">
         <name>__aeabi_fcmpge</name>
         <value>0x1afd</value>
         <object_component_ref idref="oc-173"/>
      </symbol>
      <symbol id="sm-322">
         <name>__aeabi_fcmpgt</name>
         <value>0x1b11</value>
         <object_component_ref idref="oc-173"/>
      </symbol>
      <symbol id="sm-328">
         <name>__aeabi_memcpy</name>
         <value>0x290d</value>
         <object_component_ref idref="oc-47"/>
      </symbol>
      <symbol id="sm-329">
         <name>__aeabi_memcpy4</name>
         <value>0x290d</value>
         <object_component_ref idref="oc-47"/>
      </symbol>
      <symbol id="sm-32a">
         <name>__aeabi_memcpy8</name>
         <value>0x290d</value>
         <object_component_ref idref="oc-47"/>
      </symbol>
      <symbol id="sm-333">
         <name>__eqsf2</name>
         <value>0x21b9</value>
         <object_component_ref idref="oc-1c5"/>
      </symbol>
      <symbol id="sm-334">
         <name>__lesf2</name>
         <value>0x21b9</value>
         <object_component_ref idref="oc-1c5"/>
      </symbol>
      <symbol id="sm-335">
         <name>__ltsf2</name>
         <value>0x21b9</value>
         <object_component_ref idref="oc-1c5"/>
      </symbol>
      <symbol id="sm-336">
         <name>__nesf2</name>
         <value>0x21b9</value>
         <object_component_ref idref="oc-1c5"/>
      </symbol>
      <symbol id="sm-337">
         <name>__cmpsf2</name>
         <value>0x21b9</value>
         <object_component_ref idref="oc-1c5"/>
      </symbol>
      <symbol id="sm-338">
         <name>__gtsf2</name>
         <value>0x2141</value>
         <object_component_ref idref="oc-1ca"/>
      </symbol>
      <symbol id="sm-339">
         <name>__gesf2</name>
         <value>0x2141</value>
         <object_component_ref idref="oc-1ca"/>
      </symbol>
      <symbol id="sm-33f">
         <name>__muldsi3</name>
         <value>0x21f5</value>
         <object_component_ref idref="oc-15b"/>
      </symbol>
      <symbol id="sm-349">
         <name>TI_memcpy_small</name>
         <value>0x28af</value>
         <object_component_ref idref="oc-c7"/>
      </symbol>
      <symbol id="sm-34a">
         <name>__TI_static_base__</name>
         <value>0x0</value>
      </symbol>
      <symbol id="sm-34d">
         <name>__mpu_init</name>
         <value>0x0</value>
      </symbol>
      <symbol id="sm-34e">
         <name>_system_post_cinit</name>
         <value>0x0</value>
      </symbol>
   </symbol_table>
   <title>Link successful</title>
</link_info>
